npm notice run visual-coach-monorepo@0.1.0 build
npm notice run npm run build --workspaces
npm notice run @visual-coach/visual-tools@0.1.0 build
npm notice run rm -rf dist && tsc
npm notice run @visual-coach/web@0.1.0 build
npm notice run tsc && vite build
vite v6.4.3 building for production...
transforming...
✓ 104 modules transformed.
rendering chunks...
computing gzip size...
dist/motion-preview.html                       0.69 kB │ gzip:  0.45 kB
dist/index.html                                0.87 kB │ gzip:  0.49 kB
dist/assets/jpeg-encoder.worker-BH0uzBhr.js    6.36 kB
dist/assets/capture-v2.worker-CjlEVF7Z.js      9.44 kB
dist/assets/main-B2OpLo8r.css                  2.83 kB │ gzip:  0.86 kB
dist/assets/styles-yojjXnsi.css               17.36 kB │ gzip:  4.22 kB
dist/assets/motionPreview-DL-tEE60.js          6.05 kB │ gzip:  2.81 kB
dist/assets/main-DZeR-eVA.js                 199.67 kB │ gzip: 63.88 kB
dist/assets/styles-DEPjPHdy.js               262.60 kB │ gzip: 84.15 kB
✓ built in 576ms
